|x       |
|B0      |
|B1      |
|B2      |
|B4      |
|B6      |
|B5      |
