---------------
SymbolChain
===============
meowA	meowB	meowC
meowB	meowB	meowC
meowC	meowC	meowC
===============
---------------
NumberWrongOrderChain
===============
1	2	3
2	2	3
3	3	3
===============
