amy	fred
carolI	carolII
carolII	carolIII
fred	carolIII
graceI	amy
jack	fred
tom	adam
tom	amy
tony	carolII
