x = -0.500000 x = 0.000000 x = 1.000000 x = 1.500000 x = 3.300000 .
x = 0 x = 1 x = 2 x = 15 x = 17 .
