---------------
A
s
===============
nil
[5, [4, [3, nil]]]
[-8, [-1, [2, [3, nil]]]]
===============
