amy	carolIII
amy	fred
carolI	carolII
carolI	carolIII
carolII	carolIII
fred	carolIII
graceI	amy
graceI	carolIII
graceI	fred
jack	carolIII
jack	fred
tom	adam
tom	amy
tom	carolIII
tom	fred
tony	carolII
tony	carolIII
