
 Total runtime: .200

 Total number of new tuples: 10002

