IsPtr(dest,o) :-     DirectFlow(src,dest),    IsPtr(src,o).
Src locator-:hmmer.dl [47:1-47:53]

  ----- Rule Versions Table -----
   TOT_T  NREC_T   REC_T  COPY_T    TUPLES   VER

    5.6m    .000    6.90    5.5m    184083      
   ---------------------------------------------
    5.6m    .000    6.90    5.5m    184083     0

