---------------
A
===============
meow meow
10
-10
===============
