|x       |y       |
|b       |d       |
|b       |e       |
|c       |f       |
|c       |g       |
