---------------
rel_1_edge
===============
A	B
B	C
C	D
D	E
E	F
F	A
===============
