rel(thisIsAnotherreallyLongAttributeNameWhichCanBecomeUnreadbleVeryQuicklyButIsNeededForTesting,m) :-     rel(thisIsAnotherreallyLongAttributeNameWhichCanBecomeUnreadbleVeryQuicklyButIsNeededForTesting,_),    rel(m,_),    thisIsAnotherreallyLongAttributeNameWhichCanBecomeUnreadbleVeryQuicklyButIsNeededForTesting < m.
Src locator-:lrg_attr_id.dl [35:1-38:99]

  ----- Rule Versions Table -----
   TOT_T  NREC_T   REC_T  COPY_T    TUPLES   VER

       -    .000    .000       -         0      
   ---------------------------------------------
       -    .000    .000       -         0     0
       -    .000    .000       -         0     1

