rel(thisIsAnotherreallyLongAttributeNameWhichCanBecomeUnreadbleVeryQuicklyButIsNeededForTesting,m) :-     rel(thisIsAnotherreallyLongAttributeNameWhichCanBecomeUnreadbleVeryQuicklyButIsNeededForTesting,_),    rel(m,_),    thisIsAnotherreallyLongAttributeNameWhichCanBecomeUnreadbleVeryQuicklyButIsNeededForTesting < m.
Src locator-: /home/martin/souffle/tests/profile/lrg_attr_id/lrg_attr_id.dl [38:1-41:99]

  ----- Rule Versions Table -----
   TOT_T  NREC_T   REC_T  COPY_T    TUPLES   VER

       -    .000    .000       -         0      
   ---------------------------------------------
       -    .000    .000       -         0     1
       -    .000    .000       -         0     0

