    runtime  loadtime  savetime    tuples generated
      .002s     .000s     .000s             4

  cpu total
      .004s
   357%              
   339%              
   321%              
   303%              
   285%  +           
   267%  +           
   250%  +           
   232%  +           
   214%  +           
   196%  *          +
   178%  *          +
   160%  *          +
   142%  *          +
   125%  *          +
   107%  *          *
    89%  **** * *** *
    71%  **** * *** *
    53%  **** * *** *
    35%  **** * *** *
    17%  **** * *** *
        -------------

