---------------
B
===============
a
c
2.000000
===============
---------------
E
===============
[1, [1, nil]]
===============
