Movie a	Francesca Allsworth
Movie a	Joe Bloggs
Movie a	John Smith
Movie b	Francesca Allsworth
Movie b	Joe Bloggs
Movie b	Julia Thebest
Movie c	John Smith
Movie c	Julia Thebest
